src/app/api/studio/generate/route.ts(117,50): error TS2345: Argument of type '{ name: string | undefined; response: { error: string; name?: undefined; tagline?: undefined; description?: undefined; targetAudience?: undefined; websiteUrl?: undefined; brandVoice?: undefined; } | { ...; } | { ...; } | { ...; } | { ...; }; }[]' is not assignable to parameter of type 'SendMessageParameters'.
  Property 'message' is missing in type '{ name: string | undefined; response: { error: string; name?: undefined; tagline?: undefined; description?: undefined; targetAudience?: undefined; websiteUrl?: undefined; brandVoice?: undefined; } | { ...; } | { ...; } | { ...; } | { ...; }; }[]' but required in type 'SendMessageParameters'.
